-hide_banner
-nostdin
-nostats
-loglevel
error
-init_hw_device
vaapi=va:/dev/dri/renderD128
-filter_hw_device
va
-hwaccel
vaapi
-hwaccel_device
va
-hwaccel_output_format
vaapi
-analyzeduration
0
-probesize
32768
-fpsprobesize
0
-ss
90.000
-i
/media/source.mkv
-map
0:v:0
-map
0:a:1
-map_chapters
-1
-frames:v
753
-vf
scale_vaapi=w=3840:h=2160:force_original_aspect_ratio=decrease:force_divisible_by=2:format=p010,pad_vaapi=w=3840:h=2160:x=(ow-iw)/2:y=(oh-ih)/2,fps=25,setsar=1,sidedata=mode=delete,setparams=color_primaries=bt2020:color_trc=smpte2084:colorspace=bt2020nc:range=tv:chroma_location=left
-c:v
hevc_vaapi
-profile:v
main10
-rc_mode
QVBR
-global_quality
22
-b:v
16000k
-maxrate
24000k
-g
25
-bf
0
-sei
0
-c:a
aac
-profile:a
aac_low
-b:a
160k
-ac
2
-ar
48000
-f
mpegts
-muxdelay
0
-muxpreload
0
pipe:1
