-hide_banner
-nostdin
-nostats
-loglevel
error
-init_hw_device
qsv=hw:/dev/dri/renderD128
-filter_hw_device
hw
-hwaccel
vaapi
-analyzeduration
0
-probesize
32768
-fpsprobesize
0
-ss
90.000
-i
/media/source.mkv
-map
0:v:0
-map
0:a:1
-frames:v
753
-vf
scale=w=1920:h=1080:force_original_aspect_ratio=decrease:force_divisible_by=2,pad=1920:1080:-1:-1,fps=25,setparams=color_primaries=bt709:color_trc=bt709:colorspace=bt709:range=tv:chroma_location=left,format=nv12,hwupload=extra_hw_frames=64
-c:v
h264_qsv
-b:v
8000k
-maxrate
12000k
-bufsize
12000k
-g
25
-bf
0
-c:a
aac
-profile:a
aac_low
-b:a
160k
-ac
2
-ar
48000
-f
mpegts
-muxdelay
0
-muxpreload
0
pipe:1
# fallbacks: filters: no GPU graph for h264_qsv
