-hide_banner
-nostdin
-nostats
-loglevel
error
-init_hw_device
cuda=cu:0
-filter_hw_device
cu
-hwaccel
cuda
-hwaccel_device
cu
-hwaccel_output_format
cuda
-ss
90.000
-i
/media/source.mkv
-map
0:v:0
-map
0:a:1
-frames:v
753
-vf
bwdif_cuda=mode=send_frame,scale_cuda=w=1920:h=1080:force_original_aspect_ratio=decrease:force_divisible_by=2:format=nv12,pad_cuda=w=1920:h=1080:x=-1:y=-1,fps=25,setparams=color_primaries=bt709:color_trc=bt709:colorspace=bt709:range=tv:chroma_location=left
-c:v
h264_nvenc
-preset
p4
-tune
ll
-profile:v
high
-rc
vbr
-cq
22
-b:v
8000k
-maxrate
12000k
-bufsize
12000k
-g
25
-bf
0
-forced-idr
1
-strict_gop
1
-no-scenecut
1
-c:a
aac
-profile:a
aac_low
-b:a
160k
-ac
2
-ar
48000
-f
mpegts
-muxdelay
0
-muxpreload
0
pipe:1
# missing facts: header-declared container
