-hide_banner
-nostdin
-nostats
-loglevel
error
-analyzeduration
0
-probesize
32768
-fpsprobesize
0
-ss
90.000
-i
/media/source.mkv
-map
0:v:0
-map
0:a:1
-frames:v
753
-vf
scale=w=1280:h=720:force_original_aspect_ratio=decrease:force_divisible_by=2,zscale=t=linear:npl=100,tonemap=tonemap=hable:desat=0,zscale=p=bt709:t=bt709:m=bt709:r=tv,scale=w=1920:h=1080:force_original_aspect_ratio=decrease:force_divisible_by=2,format=yuv420p,pad=1920:1080:-1:-1,fps=25,setparams=color_primaries=bt709:color_trc=bt709:colorspace=bt709:range=tv:chroma_location=left
-c:v
libx264
-preset
veryfast
-profile:v
high
-crf
22
-maxrate
12000k
-bufsize
12000k
-g
25
-keyint_min
25
-sc_threshold
0
-bf
0
-x264-params
open-gop=0
-c:a
aac
-profile:a
aac_low
-b:a
160k
-ac
2
-ar
48000
-f
mpegts
-muxdelay
0
-muxpreload
0
pipe:1
