-hide_banner
-nostdin
-nostats
-loglevel
error
-init_hw_device
vaapi=va:/dev/dri/renderD128
-filter_hw_device
va
-hwaccel
vaapi
-hwaccel_device
va
-hwaccel_output_format
vaapi
-analyzeduration
0
-probesize
32768
-fpsprobesize
0
-ss
90.000
-i
/media/source.mkv
-map
0:v:0
-map
0:a:1
-frames:v
753
-vf
scale_vaapi=w=1920:h=1080:force_original_aspect_ratio=decrease:force_divisible_by=2:format=nv12,pad_vaapi=w=1920:h=1080,fps=25,setparams=color_primaries=bt709:color_trc=bt709:colorspace=bt709:range=tv:chroma_location=left
-c:v
h264_vaapi
-profile:v
high
-rc_mode
QVBR
-global_quality
22
-b:v
8000k
-maxrate
12000k
-g
25
-bf
0
-sei
0
-c:a
aac
-profile:a
aac_low
-b:a
160k
-ac
2
-ar
48000
-f
mpegts
-muxdelay
0
-muxpreload
0
pipe:1
