-hide_banner
-nostdin
-nostats
-loglevel
error
-hwaccel
videotoolbox
-hwaccel_output_format
videotoolbox_vld
-analyzeduration
0
-probesize
32768
-fpsprobesize
0
-ss
90.000
-i
/media/source.mkv
-map
0:v:0
-map
0:a:1
-frames:v
753
-vf
scale_vt=w=1920:h=1080,hwdownload,format=nv12,pad=1920:1080:-1:-1,fps=25,setparams=color_primaries=bt709:color_trc=bt709:colorspace=bt709:range=tv:chroma_location=left
-c:v
h264_videotoolbox
-profile:v
high
-allow_sw
0
-realtime
1
-b:v
8000k
-maxrate
12000k
-bufsize
12000k
-g
25
-bf
0
-c:a
aac
-profile:a
aac_low
-b:a
160k
-ac
2
-ar
48000
-f
mpegts
-muxdelay
0
-muxpreload
0
pipe:1
